// Jest Snapshot v1, https://goo.gl/fbAQLP

exports[`QuestionList renders empty when no questions in store 1`] = `<div />`;
